../Src/syscalls--left_in_to_quiet_warnings.c:44:6:initialise_monitor_handles	4	static
../Src/syscalls--left_in_to_quiet_warnings.c:48:5:_getpid	4	static
../Src/syscalls--left_in_to_quiet_warnings.c:53:5:_kill	16	static
../Src/syscalls--left_in_to_quiet_warnings.c:61:6:_exit	16	static
../Src/syscalls--left_in_to_quiet_warnings.c:67:27:_read	32	static
../Src/syscalls--left_in_to_quiet_warnings.c:80:27:_write	32	static
../Src/syscalls--left_in_to_quiet_warnings.c:92:5:_close	16	static
../Src/syscalls--left_in_to_quiet_warnings.c:99:5:_fstat	16	static
../Src/syscalls--left_in_to_quiet_warnings.c:106:5:_isatty	16	static
../Src/syscalls--left_in_to_quiet_warnings.c:112:5:_lseek	24	static
../Src/syscalls--left_in_to_quiet_warnings.c:120:5:_open	12	static
../Src/syscalls--left_in_to_quiet_warnings.c:128:5:_wait	16	static
../Src/syscalls--left_in_to_quiet_warnings.c:135:5:_unlink	16	static
../Src/syscalls--left_in_to_quiet_warnings.c:142:5:_times	16	static
../Src/syscalls--left_in_to_quiet_warnings.c:148:5:_stat	16	static
../Src/syscalls--left_in_to_quiet_warnings.c:155:5:_link	16	static
../Src/syscalls--left_in_to_quiet_warnings.c:163:5:_fork	8	static
../Src/syscalls--left_in_to_quiet_warnings.c:169:5:_execve	24	static
